// Jest Snapshot v1, https://goo.gl/fbAQLP

exports[`UndergraduateBreadcrumbs renders as expected 1`] = `
<DocumentFragment>
  <nav
    aria-label="Breadcrumb"
    class="c-breadcrumb"
  >
    <div
      class="c-breadcrumb__items"
    >
      <a
        href="https://www.york.ac.uk"
      >
        <i
          class="c-icon c-icon--home"
          title="Home"
        />
        <span
          class="c-icon__sr-text"
        >
          Home
        </span>
      </a>
      <span
        class="c-breadcrumb__separator"
      >
        &gt;
      </span>
      <a
        href="https://www.york.ac.uk/study/"
      >
        Study at York
      </a>
      <span
        class="c-breadcrumb__separator"
      >
        &gt;
      </span>
      <a
        href="https://www.york.ac.uk/study/undergraduate/"
      >
        Undergraduate
      </a>
      <span
        class="c-breadcrumb__separator"
      >
        &gt;
      </span>
      <a
        href="https://www.york.ac.uk/study/undergraduate/courses/"
      >
        Courses 2022/23
      </a>
    </div>
  </nav>
</DocumentFragment>
`;
